[ancientmessene.gr/index.html]
[ajax.googleapis.com/ajax/libs/jquery/1.4/jquery.min.js]
[backblue.gif]
[fade.gif]
[index.html]
[ancientmessene.gr/styles.css]
[ancientmessene.gr/images/ancientmessene_01.png]
[ancientmessene.gr/index-2.html]
[ancientmessene.gr/images/ancientmessene_03.png]
[ancientmessene.gr/images/ancientmessene_04.png]
[ancientmessene.gr/index_en.html]
[ancientmessene.gr/images/ancientmessene_05.png]
[ancientmessene.gr/images/ancientmessene_06.png]
[ancientmessene.gr/images/bg_menu_buttons_.png]
[ancientmessene.gr/messenian_history.html]
[ancientmessene.gr/images/menu/menu1on.png]
[ancientmessene.gr/images/menu/menu1.png]
[ancientmessene.gr/history.html]
[ancientmessene.gr/images/menu/menu2on.png]
[ancientmessene.gr/images/menu/menu2.png]
[ancientmessene.gr/the-site.html]
[ancientmessene.gr/images/menu/menu3on.png]
[ancientmessene.gr/images/menu/menu3.png]
[ancientmessene.gr/images/menu/menu4.png]
[ancientmessene.gr/images/menu/menu4on.png]
[ancientmessene.gr/monuments_articles4ef9.html]
[ancientmessene.gr/images/menu_arrow.png]
[ancientmessene.gr/monuments_articlese371.html]
[ancientmessene.gr/monuments_articles6e03.html]
[ancientmessene.gr/monuments_articlesa9bc.html]
[ancientmessene.gr/monuments_articles7429.html]
[ancientmessene.gr/monuments_articles87f1.html]
[ancientmessene.gr/monuments_articles2e5f.html]
[ancientmessene.gr/images/menu/menu5.png]
[ancientmessene.gr/images/menu/menu5on.png]
[ancientmessene.gr/findings_articles0055.html]
[ancientmessene.gr/findings_articles5255.html]
[ancientmessene.gr/findings_articlesf41b.html]
[ancientmessene.gr/findings_articlesc3c9.html]
[ancientmessene.gr/findings_articles4ef9.html]
[ancientmessene.gr/images/menu/menu6.png]
[ancientmessene.gr/images/menu/menu6on.png]
[ancientmessene.gr/museum_articlesf41b.html]
[ancientmessene.gr/museum_articles8803.html]
[ancientmessene.gr/museum_articlesc3c9.html]
[ancientmessene.gr/museum_articles5255.html]
[ancientmessene.gr/bibliography.html]
[ancientmessene.gr/images/menu/menu7on.png]
[ancientmessene.gr/images/menu/menu7.png]
[ancientmessene.gr/publications.html]
[ancientmessene.gr/images/menu/menu8on.png]
[ancientmessene.gr/images/menu/menu8.png]
[ancientmessene.gr/news.html]
[ancientmessene.gr/images/menu/menu9on.png]
[ancientmessene.gr/images/menu/menu9.png]
[ancientmessene.gr/video.html]
[ancientmessene.gr/images/menu/video_on.png]
[ancientmessene.gr/images/menu/video.png]
[ancientmessene.gr/management.html]
[ancientmessene.gr/images/menu/menu10on.png]
[ancientmessene.gr/images/menu/menu10.png]
[ancientmessene.gr/contests.html]
[ancientmessene.gr/images/menu/menu11on.png]
[ancientmessene.gr/images/menu/menu11.png]
[ancientmessene.gr/newsletter.html]
[ancientmessene.gr/images/menu/menu12on.png]
[ancientmessene.gr/images/menu/menu12.png]
[ancientmessene.gr/contact.html]
[ancientmessene.gr/images/menu/menu13on.png]
[ancientmessene.gr/images/menu/menu13.png]
[ancientmessene.gr/monuments_gallery.html]
[ancientmessene.gr/images/monuments_gallery.png]
[ancientmessene.gr/museum_gallery.html]
[ancientmessene.gr/images/museum_gallery.png]
[ancientmessene.gr/images/messene_app.png]
[ancientmessene.gr/images/app_store.png]
[ancientmessene.gr/images/android_market.png]
[ancientmessene.gr/images/bg_content.png]
[ancientmessene.gr/images/ancientmessene_02.png]
[ancientmessene.gr/content/slideshow/1.png]
[ancientmessene.gr/content/slideshow/2.png]
[ancientmessene.gr/content/slideshow/3.png]
[ancientmessene.gr/content/slideshow/4.png]
[ancientmessene.gr/content/slideshow/5.png]
[ancientmessene.gr/content/slideshow/6.png]
[ancientmessene.gr/content/slideshow/7.png]
[ancientmessene.gr/content/slideshow/8.png]
[ancientmessene.gr/content/slideshow/9.png]
[ancientmessene.gr/content/slideshow/10.png]
[ancientmessene.gr/content/slideshow/11.png]
[ancientmessene.gr/content/slideshow/12.png]
[ancientmessene.gr/content/slideshow/13.png]
[ancientmessene.gr/content/slideshow/14.png]
[ancientmessene.gr/content/slideshow/15.png]
[ancientmessene.gr/content/slideshow/16.png]
[ancientmessene.gr/content/slideshow/17.png]
[ancientmessene.gr/content/slideshow/18.png]
[ancientmessene.gr/content/slideshow/19.png]
[ancientmessene.gr/images/ancientmessene_11.png]
[ancientmessene.gr/content/sponsors/061918215441.jpg]
[ancientmessene.gr/content/sponsors/100612151335.jpg]
[ancientmessene.gr/content/sponsors/100612151349.jpg]
[ancientmessene.gr/content/sponsors/100612151410.jpg]
[ancientmessene.gr/content/sponsors/100612151829.jpg]
[ancientmessene.gr/content/sponsors/100612151924.jpg]
[ancientmessene.gr/content/sponsors/100612151930.jpg]
[ancientmessene.gr/content/sponsors/100612151935.jpg]
[ancientmessene.gr/images/espa_gr.png]
[ancientmessene.gr/index.html]
[ancientmessene.gr/images/bg.jpg]
[ancientmessene.gr/pie.html]
[ancientmessene.gr/images/bg_bottom_left.png]
[ancientmessene.gr/images/bg_left.png]
[ancientmessene.gr/images/ancientmessene_24.png]
[ancientmessene.gr/styles.css]
[ancientmessene.gr/index-2.html]
[ancientmessene.gr/images/ancientmessene_01_en.png]
[ancientmessene.gr/index_en_en.php]
[ancientmessene.gr/messenian_history_en.html]
[ancientmessene.gr/images/menu_en/menu1on.png]
[ancientmessene.gr/images/menu_en/menu1.png]
[ancientmessene.gr/history_en.html]
[ancientmessene.gr/images/menu_en/menu2on.png]
[ancientmessene.gr/images/menu_en/menu2.png]
[ancientmessene.gr/the-site_en.html]
[ancientmessene.gr/images/menu_en/menu3on.png]
[ancientmessene.gr/images/menu_en/menu3.png]
[ancientmessene.gr/images/menu_en/menu4.png]
[ancientmessene.gr/images/menu_en/menu4on.png]
[ancientmessene.gr/monuments_articles_en4ef9.html]
[ancientmessene.gr/monuments_articles_ene371.html]
[ancientmessene.gr/monuments_articles_en6e03.html]
[ancientmessene.gr/monuments_articles_ena9bc.html]
[ancientmessene.gr/monuments_articles_en7429.html]
[ancientmessene.gr/monuments_articles_en87f1.html]
[ancientmessene.gr/monuments_articles_en2e5f.html]
[ancientmessene.gr/images/menu_en/menu5.png]
[ancientmessene.gr/images/menu_en/menu5on.png]
[ancientmessene.gr/findings_articles_en0055.html]
[ancientmessene.gr/findings_articles_en5255.html]
[ancientmessene.gr/findings_articles_enf41b.html]
[ancientmessene.gr/findings_articles_enc3c9.html]
[ancientmessene.gr/findings_articles_en4ef9.html]
[ancientmessene.gr/images/menu_en/menu6.png]
[ancientmessene.gr/images/menu_en/menu6on.png]
[ancientmessene.gr/museum_articles_enf41b.html]
[ancientmessene.gr/museum_articles_en8803.html]
[ancientmessene.gr/museum_articles_enc3c9.html]
[ancientmessene.gr/museum_articles_en5255.html]
[ancientmessene.gr/bibliography_en.html]
[ancientmessene.gr/images/menu_en/menu7on.png]
[ancientmessene.gr/images/menu_en/menu7.png]
[ancientmessene.gr/publications_en.html]
[ancientmessene.gr/images/menu_en/menu8on.png]
[ancientmessene.gr/images/menu_en/menu8.png]
[ancientmessene.gr/news_en.html]
[ancientmessene.gr/images/menu_en/menu9on.png]
[ancientmessene.gr/images/menu_en/menu9.png]
[ancientmessene.gr/video_en.html]
[ancientmessene.gr/images/menu_en/video_on.png]
[ancientmessene.gr/images/menu_en/video.png]
[ancientmessene.gr/management_en.html]
[ancientmessene.gr/images/menu_en/menu10on.png]
[ancientmessene.gr/images/menu_en/menu10.png]
[ancientmessene.gr/newsletter_en.html]
[ancientmessene.gr/images/menu_en/menu12on.png]
[ancientmessene.gr/images/menu_en/menu12.png]
[ancientmessene.gr/contact_en.html]
[ancientmessene.gr/images/menu_en/menu13on.png]
[ancientmessene.gr/images/menu_en/menu13.png]
[ancientmessene.gr/monuments_gallery_en.html]
[ancientmessene.gr/images/monuments_gallery_en.png]
[ancientmessene.gr/museum_gallery_en.html]
[ancientmessene.gr/images/museum_gallery_en.png]
[ancientmessene.gr/images/messene_app_en.png]
[ancientmessene.gr/images/espa_en.png]
[ancientmessene.gr/index_en.html]
[ancientmessene.gr/site/content/files/images/found.jpg]
[ancientmessene.gr/messenian_history.html]
[ancientmessene.gr/site/content/files/images/istoriko.jpg]
[ancientmessene.gr/history.html]
[ancientmessene.gr/jquery-1.4.3.min.js]
[ancientmessene.gr/moozoom.js]
[ancientmessene.gr/images/map_final_gr.jpg]
[ancientmessene.gr/the-site.html]
[ancientmessene.gr/mootools-1.2.5-core-nc.js]
[ancientmessene.gr/images/menu/menu_over_01.jpg]
[ancientmessene.gr/images/menu/menu_over_02.jpg]
[ancientmessene.gr/images/menu/menu_over_03.jpg]
[ancientmessene.gr/images/menu/menu_over_04.jpg]
[ancientmessene.gr/images/menu/menu_over_05.jpg]
[ancientmessene.gr/images/menu/menu_over_06.jpg]
[ancientmessene.gr/images/menu/menu_over_07.jpg]
[ancientmessene.gr/mootools-1.2.5.1-more.js]
[ancientmessene.gr/images/menu/menu_over_08.jpg]
[ancientmessene.gr/site/content/files/images/theatro1.jpg]
[ancientmessene.gr/site/content/files/images/theatro2.jpg]
[ancientmessene.gr/site/content/files/images/krini-arsinoi2.jpg]
[ancientmessene.gr/site/content/files/images/krini-arsinoi.jpg]
[ancientmessene.gr/monuments_articles4ef9.html]
[ancientmessene.gr/site/content/files/images/agora.jpg]
[ancientmessene.gr/site/content/files/images/iero-dimitras.jpg]
[ancientmessene.gr/monuments_articlese371.html]
[ancientmessene.gr/site/content/files/images/asklipio1.jpg]
[ancientmessene.gr/site/content/files/images/asklipio2.jpg]
[ancientmessene.gr/site/content/files/images/asklipio4.jpg]
[ancientmessene.gr/site/content/files/images/asklipio3.jpg]
[ancientmessene.gr/site/content/files/images/asklipio5.jpg]
[ancientmessene.gr/monuments_articles6e03.html]
[ancientmessene.gr/site/content/files/images/asklipio6.jpg]
[ancientmessene.gr/site/content/files/images/asklipio7.jpg]
[ancientmessene.gr/site/content/files/images/ierothio.jpg]
[ancientmessene.gr/monuments_articlesa9bc.html]
[ancientmessene.gr/site/content/files/images/stadio-gymnasio5.jpg]
[ancientmessene.gr/site/content/files/images/stadio-gymnasio6.jpg]
[ancientmessene.gr/site/content/files/images/stadio-gymnasio2.jpg]
[ancientmessene.gr/site/content/files/images/stadio-gymnasio1.jpg]
[ancientmessene.gr/site/content/files/images/stadio-gymnasio4.jpg]
[ancientmessene.gr/site/content/files/images/stadio-gymnasio3.jpg]
[ancientmessene.gr/site/content/files/images/hrow.jpg]
[ancientmessene.gr/site/content/files/images/hrow2.jpg]
[ancientmessene.gr/monuments_articles7429.html]
[ancientmessene.gr/site/content/files/images/iera-thw-ithomis.jpg]
[ancientmessene.gr/site/content/files/images/iera-thw-ithomis2.jpg]
[ancientmessene.gr/monuments_articles87f1.html]
[ancientmessene.gr/site/content/files/images/ΑΡΚΑΔΙΚΗ.JPG]
[ancientmessene.gr/site/content/files/images/ΚΙΟΝΑΣ ΑΠΟ ΑΓΟΡΑ.JPG]
[ancientmessene.gr/site/content/files/images/ΨΗΦΙΔΩΤΟ ΠΡΙΝ.jpg]
[ancientmessene.gr/monuments_articles2e5f.html]
[ancientmessene.gr/site/content/files/images/sculpt1.jpg]
[ancientmessene.gr/site/content/files/images/sculpt2.jpg]
[ancientmessene.gr/findings_articles0055.html]
[ancientmessene.gr/site/content/files/images/epigrafiki2.jpg]
[ancientmessene.gr/site/content/files/images/epigrafiki3.jpg]
[ancientmessene.gr/findings_articles5255.html]
[ancientmessene.gr/site/content/files/images/nomismatikh1.jpg]
[ancientmessene.gr/findings_articlesf41b.html]
[ancientmessene.gr/site/content/files/images/pottery1.jpg]
[ancientmessene.gr/site/content/files/images/pottery2.jpg]
[ancientmessene.gr/findings_articlesc3c9.html]
[ancientmessene.gr/site/content/files/images/ΕΡΜΗΣ ΠΡΙΝ ΜΕΤΑ.jpg]
[ancientmessene.gr/site/content/files/images/ΑΜΦΟΡΕΑΣ ΠΡΙΝ.jpg]
[ancientmessene.gr/site/content/files/images/Ανώνυμο-1.jpg]
[ancientmessene.gr/site/content/files/images/ΣΙΔΕΡ αντικείμενα.JPG]
[ancientmessene.gr/site/content/files/images/ΣΚΕΛ. ΣΚΥΛΟΥ.jpg]
[ancientmessene.gr/findings_articles4ef9.html]
[ancientmessene.gr/site/content/files/images/1.Μουσείο Μεσσήνη.JPG]
[ancientmessene.gr/site/content/files/images/1.Μουσείο-Μεσσήνη_s.jpg]
[ancientmessene.gr/site/content/files/images/2.Μουσείο Μεσσήνη.Αν. όψη.JPG]
[ancientmessene.gr/site/content/files/images/2.Μουσείο-Μεσσήνη.Αν.-όψη_s.jpg]
[ancientmessene.gr/site/content/files/images/6.Μουσείο Μεσσήνης.Κάτοψη.jpg]
[ancientmessene.gr/site/content/files/images/6.Μουσείο-Μεσσήνης.Κάτοψη_s.jpg]
[ancientmessene.gr/museum_articlesf41b.html]
[ancientmessene.gr/site/content/files/images/mouseio9.jpg]
[ancientmessene.gr/site/content/files/images/mouseio10.jpg]
[ancientmessene.gr/site/content/files/images/mouseio11.jpg]
[ancientmessene.gr/museum_articles8803.html]
[ancientmessene.gr/site/content/files/images/mouseio19.jpg]
[ancientmessene.gr/site/content/files/images/mouseio18.jpg]
[ancientmessene.gr/site/content/files/images/mouseio20.jpg]
[ancientmessene.gr/site/content/files/images/mouseio13.jpg]
[ancientmessene.gr/site/content/files/images/mouseio16.jpg]
[ancientmessene.gr/site/content/files/images/mouseio17.jpg]
[ancientmessene.gr/museum_articlesc3c9.html]
[ancientmessene.gr/site/content/files/images/mouseio2.jpg]
[ancientmessene.gr/site/content/files/images/mouseio6.jpg]
[ancientmessene.gr/site/content/files/images/mouseio7.jpg]
[ancientmessene.gr/museum_articles5255.html]
[www.ancientmessene.gr/site/content/files/images/pdf-icon.f1.delayed]
[ancientmessene.gr/site/content/files/files/Messene(1).pdf]
[ancientmessene.gr/site/content/files/files/Kl.Sidiropoulos Glasgow 2009.pdf]
[ancientmessene.gr/site/content/files/files/THEMELIS 2010, Die Agora von Messene, Festschrift Wesenberg (2010).pdf]
[ancientmessene.gr/site/content/files/files/THEMELIS 2001,Roman Messene.pdf]
[ancientmessene.gr/bibliography.html]
[ancientmessene.gr/publications_contentcf11.html]
[ancientmessene.gr/content/public/061813115115.jpg]
[ancientmessene.gr/publications_contentc2aa.html]
[ancientmessene.gr/content/public/101611172945.jpg]
[ancientmessene.gr/publications_content0e51.html]
[ancientmessene.gr/content/public/101611224622.jpg]
[ancientmessene.gr/publications_contentaa73.html]
[ancientmessene.gr/content/public/101611225024.jpg]
[ancientmessene.gr/publications4658.html]
[ancientmessene.gr/publications9ba9.html]
[ancientmessene.gr/publicationsfdb0.html]
[ancientmessene.gr/img/next_page.gif]
[ancientmessene.gr/img/last_page.gif]
[ancientmessene.gr/publications.html]
[ancientmessene.gr/news.html]
[ancientmessene.gr/site/content/files/images/play.png]
[ancientmessene.gr/video.html]
[ancientmessene.gr/site/content/files/images/diaxeirisi3.jpg]
[ancientmessene.gr/site/content/files/images/diaxeirisi.jpg]
[ancientmessene.gr/management.html]
[ancientmessene.gr/contests.html]
[ancientmessene.gr/images/go.png]
[ancientmessene.gr/newsletter.html]
[ancientmessene.gr/contact.html]
[ancientmessene.gr/fancybox/jquery.mousewheel-3.0.4.pack.js]
[ancientmessene.gr/fancybox/jquery.fancybox-1.3.4.css]
[ancientmessene.gr/images/walker.jpg]
[ancientmessene.gr/fancybox/jquery.fancybox-1.3.4.pack.js]
[ancientmessene.gr/tour_frame.html]
[ancientmessene.gr/tour_monuments/images/camera1.png]
[ancientmessene.gr/monuments_photos87f1.html]
[ancientmessene.gr/content/monuments/categories/091612183721.jpg]
[ancientmessene.gr/monuments_photosc3c9.html]
[ancientmessene.gr/content/monuments/categories/092312200807.jpg]
[ancientmessene.gr/monuments_photos190a.html]
[ancientmessene.gr/content/monuments/categories/091612184109.jpg]
[ancientmessene.gr/monuments_photosdcfd.html]
[ancientmessene.gr/content/monuments/categories/080712114754.jpg]
[ancientmessene.gr/monuments_photos6e03.html]
[ancientmessene.gr/content/monuments/categories/091612174411.jpg]
[ancientmessene.gr/monuments_photosd61c.html]
[ancientmessene.gr/content/monuments/categories/092312201219.jpg]
[ancientmessene.gr/monuments_photos0b30.html]
[ancientmessene.gr/content/monuments/categories/10041100750.jpg]
[ancientmessene.gr/monuments_photose371.html]
[ancientmessene.gr/content/monuments/categories/092412222654.jpg]
[ancientmessene.gr/monuments_photos3a9f.html]
[ancientmessene.gr/content/monuments/categories/091612144649.jpg]
[ancientmessene.gr/monuments_photos8803.html]
[ancientmessene.gr/content/monuments/categories/091612164520.jpg]
[ancientmessene.gr/monuments_photos2728.html]
[ancientmessene.gr/content/monuments/categories/091612183946.jpg]
[ancientmessene.gr/monuments_photos7429.html]
[ancientmessene.gr/content/monuments/categories/091612183908.jpg]
[ancientmessene.gr/monuments_photos4ef9.html]
[ancientmessene.gr/content/monuments/categories/091612174215.jpg]
[ancientmessene.gr/monuments_gallery.html]
[ancientmessene.gr/museum_photos5255.html]
[ancientmessene.gr/content/museum/categories/091612181904.jpg]
[ancientmessene.gr/museum_photosf41b.html]
[ancientmessene.gr/content/museum/categories/092612212834.jpg]
[ancientmessene.gr/museum_photos0055.html]
[ancientmessene.gr/content/museum/categories/092612213315.jpg]
[ancientmessene.gr/museum_photos4ef9.html]
[ancientmessene.gr/content/museum/categories/092612213412.jpg]
[ancientmessene.gr/museum_gallery.html]
[ancientmessene.gr/pie.html]
[ancientmessene.gr/images/bg_bottom_left.html]
[ancientmessene.gr/index_en_en.html]
[ancientmessene.gr/messenian_history_en_en.php]
[ancientmessene.gr/messenian_history_en.html]
[ancientmessene.gr/history_en_en.php]
[ancientmessene.gr/history_en.html]
[ancientmessene.gr/the-site_en_en.php]
[ancientmessene.gr/the-site_en.html]
[ancientmessene.gr/monuments_articles_en_en4ef9.php]
[ancientmessene.gr/monuments_articles_en4ef9.html]
[ancientmessene.gr/monuments_articles_en_ene371.php]
[ancientmessene.gr/monuments_articles_ene371.html]
[ancientmessene.gr/monuments_articles_en_en6e03.php]
[ancientmessene.gr/monuments_articles_en6e03.html]
[ancientmessene.gr/monuments_articles_en_ena9bc.php]
[ancientmessene.gr/monuments_articles_ena9bc.html]
[ancientmessene.gr/monuments_articles_en_en7429.php]
[ancientmessene.gr/monuments_articles_en7429.html]
[ancientmessene.gr/monuments_articles_en_en87f1.php]
[ancientmessene.gr/monuments_articles_en87f1.html]
[ancientmessene.gr/monuments_articles_en_en2e5f.php]
[ancientmessene.gr/monuments_articles_en2e5f.html]
[ancientmessene.gr/findings_articles_en_en0055.php]
[ancientmessene.gr/findings_articles_en0055.html]
[ancientmessene.gr/findings_articles_en_en5255.php]
[ancientmessene.gr/findings_articles_en5255.html]
[ancientmessene.gr/findings_articles_en_enf41b.php]
[ancientmessene.gr/findings_articles_enf41b.html]
[ancientmessene.gr/findings_articles_en_enc3c9.php]
[ancientmessene.gr/findings_articles_enc3c9.html]
[ancientmessene.gr/findings_articles_en_en4ef9.php]
[ancientmessene.gr/findings_articles_en4ef9.html]
[ancientmessene.gr/museum_articles_en_enf41b.php]
[ancientmessene.gr/museum_articles_enf41b.html]
[ancientmessene.gr/museum_articles_en_en8803.php]
[ancientmessene.gr/museum_articles_en8803.html]
[ancientmessene.gr/museum_articles_en_enc3c9.php]
[ancientmessene.gr/museum_articles_enc3c9.html]
[ancientmessene.gr/museum_articles_en_en5255.php]
[ancientmessene.gr/museum_articles_en5255.html]
[ancientmessene.gr/bibliography_en_en.php]
[ancientmessene.gr/bibliography_en.html]
[ancientmessene.gr/publications_en_en.php]
[ancientmessene.gr/publications_content_encf11.html]
[ancientmessene.gr/publications_content_enc2aa.html]
[ancientmessene.gr/publications_content_en0e51.html]
[ancientmessene.gr/publications_content_enaa73.html]
[ancientmessene.gr/publications_en4658.html]
[ancientmessene.gr/publications_en9ba9.html]
[ancientmessene.gr/publications_enfdb0.html]
[ancientmessene.gr/publications_en.html]
[ancientmessene.gr/news_en_en.php]
[ancientmessene.gr/news_en.html]
[ancientmessene.gr/video_en_en.php]
[ancientmessene.gr/video_en.html]
[ancientmessene.gr/management_en_en.php]
[ancientmessene.gr/management_en.html]
[ancientmessene.gr/newsletter_en_en.php]
[ancientmessene.gr/newsletter_en.html]
[ancientmessene.gr/contact_en_en.php]
[ancientmessene.gr/contact_en.html]
[ancientmessene.gr/monuments_gallery_en_en.php]
[ancientmessene.gr/tour_frame_en.html]
[ancientmessene.gr/monuments_photos_en87f1.html]
[ancientmessene.gr/monuments_photos_enc3c9.html]
[ancientmessene.gr/monuments_photos_en190a.html]
[ancientmessene.gr/monuments_photos_endcfd.html]
[ancientmessene.gr/monuments_photos_en6e03.html]
[ancientmessene.gr/monuments_photos_end61c.html]
[ancientmessene.gr/monuments_photos_en0b30.html]
[ancientmessene.gr/monuments_photos_ene371.html]
[ancientmessene.gr/monuments_photos_en3a9f.html]
[ancientmessene.gr/monuments_photos_en8803.html]
[ancientmessene.gr/monuments_photos_en2728.html]
[ancientmessene.gr/monuments_photos_en7429.html]
[ancientmessene.gr/monuments_photos_en4ef9.html]
[ancientmessene.gr/monuments_gallery_en.html]
[ancientmessene.gr/museum_gallery_en_en.php]
[ancientmessene.gr/museum_photos_en5255.html]
[ancientmessene.gr/museum_photos_enf41b.html]
[ancientmessene.gr/museum_photos_en0055.html]
[ancientmessene.gr/museum_photos_en4ef9.html]
[ancientmessene.gr/museum_gallery_en.html]
[ancientmessene.gr/site/content/files/images/found.html]
[ancientmessene.gr/site/content/files/images/istoriko.html]
[ancientmessene.gr/images/menu/menu_over_01.html]
[ancientmessene.gr/images/menu/menu_over_02.html]
[ancientmessene.gr/images/menu/menu_over_03.html]
[ancientmessene.gr/images/menu/menu_over_04.html]
[ancientmessene.gr/images/menu/menu_over_05.html]
[ancientmessene.gr/images/menu/menu_over_06.html]
[ancientmessene.gr/images/menu/menu_over_07.html]
[ancientmessene.gr/images/menu/menu_over_08.html]
[ancientmessene.gr/site/content/files/images/theatro1.html]
[ancientmessene.gr/site/content/files/images/theatro2.html]
[ancientmessene.gr/site/content/files/images/krini-arsinoi2.html]
[ancientmessene.gr/site/content/files/images/krini-arsinoi.html]
[ancientmessene.gr/site/content/files/images/agora.html]
[ancientmessene.gr/site/content/files/images/iero-dimitras.html]
[ancientmessene.gr/site/content/files/images/asklipio1.html]
[ancientmessene.gr/site/content/files/images/asklipio2.html]
[ancientmessene.gr/site/content/files/images/asklipio4.html]
[ancientmessene.gr/site/content/files/images/asklipio3.html]
[ancientmessene.gr/site/content/files/images/asklipio5.html]
[ancientmessene.gr/site/content/files/images/asklipio6.html]
[ancientmessene.gr/site/content/files/images/asklipio7.html]
[ancientmessene.gr/site/content/files/images/ierothio.html]
[ancientmessene.gr/site/content/files/images/stadio-gymnasio5.html]
[ancientmessene.gr/site/content/files/images/stadio-gymnasio6.html]
[ancientmessene.gr/site/content/files/images/stadio-gymnasio2.html]
[ancientmessene.gr/site/content/files/images/stadio-gymnasio1.html]
[ancientmessene.gr/site/content/files/images/stadio-gymnasio4.html]
[ancientmessene.gr/site/content/files/images/stadio-gymnasio3.html]
[ancientmessene.gr/site/content/files/images/hrow.html]
[ancientmessene.gr/site/content/files/images/hrow2.html]
[ancientmessene.gr/site/content/files/images/iera-thw-ithomis.html]
[ancientmessene.gr/site/content/files/images/iera-thw-ithomis2.html]
[ancientmessene.gr/site/content/files/images/ΑΡΚΑΔΙΚΗ.html]
[ancientmessene.gr/site/content/files/images/ΚΙΟΝΑΣ ΑΠΟ ΑΓΟΡΑ.html]
[ancientmessene.gr/site/content/files/images/ΨΗΦΙΔΩΤΟ ΠΡΙΝ.html]
[ancientmessene.gr/site/content/files/images/sculpt1.html]
[ancientmessene.gr/site/content/files/images/sculpt2.html]
[ancientmessene.gr/site/content/files/images/epigrafiki2.html]
[ancientmessene.gr/site/content/files/images/epigrafiki3.html]
[ancientmessene.gr/site/content/files/images/nomismatikh1.html]
[ancientmessene.gr/site/content/files/images/pottery1.html]
[ancientmessene.gr/site/content/files/images/pottery2.html]
[ancientmessene.gr/site/content/files/images/ΕΡΜΗΣ ΠΡΙΝ ΜΕΤΑ.html]
[ancientmessene.gr/site/content/files/images/ΑΜΦΟΡΕΑΣ ΠΡΙΝ.html]
[ancientmessene.gr/site/content/files/images/Ανώνυμο-1.html]
[ancientmessene.gr/site/content/files/images/ΣΙΔΕΡ αντικείμενα.html]
[ancientmessene.gr/site/content/files/images/ΣΚΕΛ. ΣΚΥΛΟΥ.html]
[ancientmessene.gr/site/content/files/images/1.Μουσείο Μεσσήνη.html]
[ancientmessene.gr/site/content/files/images/1.Μουσείο-Μεσσήνη_s.html]
[ancientmessene.gr/site/content/files/images/2.Μουσείο Μεσσήνη.Αν. όψη.html]
[ancientmessene.gr/site/content/files/images/2.Μουσείο-Μεσσήνη.Αν.-όψη_s.html]
[ancientmessene.gr/site/content/files/images/6.Μουσείο Μεσσήνης.Κάτοψη.html]
[ancientmessene.gr/site/content/files/images/6.Μουσείο-Μεσσήνης.Κάτοψη_s.html]
[ancientmessene.gr/site/content/files/images/mouseio9.html]
[ancientmessene.gr/site/content/files/images/mouseio10.html]
[ancientmessene.gr/site/content/files/images/mouseio11.html]
[ancientmessene.gr/site/content/files/images/mouseio19.html]
[ancientmessene.gr/site/content/files/images/mouseio18.html]
[ancientmessene.gr/site/content/files/images/mouseio20.html]
[ancientmessene.gr/site/content/files/images/mouseio13.html]
[ancientmessene.gr/site/content/files/images/mouseio16.html]
[ancientmessene.gr/site/content/files/images/mouseio17.html]
[ancientmessene.gr/site/content/files/images/mouseio2.html]
[ancientmessene.gr/site/content/files/images/mouseio6.html]
[ancientmessene.gr/site/content/files/images/mouseio7.html]
[www.ancientmessene.gr/site/content/files/images/pdf-icon.html]
[ancientmessene.gr/site/content/files/files/Messene(1).html]
[ancientmessene.gr/site/content/files/files/Kl.Sidiropoulos Glasgow 2009.html]
[ancientmessene.gr/site/content/files/files/THEMELIS 2010, Die Agora von Messene, Festschrift Wesenberg (2010).html]
[ancientmessene.gr/site/content/files/files/THEMELIS 2001,Roman Messene.html]
[ancientmessene.gr/content/public/images/061813115115.jpg]
[ancientmessene.gr/publications_contentcf11.html]
[ancientmessene.gr/content/public/images/101611172945.jpg]
[ancientmessene.gr/publications_contentc2aa.html]
[ancientmessene.gr/content/public/images/101611224622.jpg]
[ancientmessene.gr/publications_content0e51.html]
[ancientmessene.gr/content/public/images/101611225024.jpg]
[ancientmessene.gr/publications_contentaa73.html]
[ancientmessene.gr/publications_contentfaca.html]
[ancientmessene.gr/content/public/101611225222.jpg]
[ancientmessene.gr/publications_content0fb8.html]
[ancientmessene.gr/content/public/101611225317.jpg]
[ancientmessene.gr/publications_content72ae.html]
[ancientmessene.gr/content/public/101611230412.jpg]
[ancientmessene.gr/publications_content7bc6.html]
[ancientmessene.gr/content/public/101611231841.jpg]
[ancientmessene.gr/publications2679.html]
[ancientmessene.gr/img/first_page.gif]
[ancientmessene.gr/img/previous_page.gif]
[ancientmessene.gr/publications4658.html]
[ancientmessene.gr/publications_contentf933.html]
[ancientmessene.gr/content/public/101611232111.jpg]
[ancientmessene.gr/publications_content9f4b.html]
[ancientmessene.gr/content/public/101611232359.jpg]
[ancientmessene.gr/publications_content38fd.html]
[ancientmessene.gr/content/public/101611232446.jpg]
[ancientmessene.gr/publications_contentb769.html]
[ancientmessene.gr/content/public/101611232602.jpg]
[ancientmessene.gr/publications9ba9.html]
[ancientmessene.gr/publications_content895b.html]
[ancientmessene.gr/content/public/101611232652.jpg]
[ancientmessene.gr/publicationsfdb0.html]
[ancientmessene.gr/site/content/files/images/play.html]
[ancientmessene.gr/site/content/files/images/diaxeirisi3.html]
[ancientmessene.gr/site/content/files/images/diaxeirisi.html]
[ancientmessene.gr/fancybox/fancybox.png]
[ancientmessene.gr/fancybox/blank.gif]
[ancientmessene.gr/fancybox/fancybox-x.png]
[ancientmessene.gr/fancybox/fancybox-y.png]
[ancientmessene.gr/fancybox/fancy_title_over.png]
[ancientmessene.gr/fancybox/fancybox/fancy_close.png]
[ancientmessene.gr/fancybox/fancybox/fancy_nav_left.png]
[ancientmessene.gr/fancybox/fancybox/fancy_nav_right.png]
[ancientmessene.gr/fancybox/fancybox/fancy_title_over.png]
[ancientmessene.gr/fancybox/fancybox/fancy_title_left.png]
[ancientmessene.gr/fancybox/fancybox/fancy_title_main.png]
[ancientmessene.gr/fancybox/fancybox/fancy_title_right.png]
[ancientmessene.gr/fancybox/fancybox/fancy_loading.png]
[ancientmessene.gr/fancybox/fancybox/fancy_shadow_n.png]
[ancientmessene.gr/fancybox/fancybox/fancy_shadow_ne.png]
[ancientmessene.gr/fancybox/fancybox/fancy_shadow_e.png]
[ancientmessene.gr/fancybox/fancybox/fancy_shadow_se.png]
[ancientmessene.gr/fancybox/fancybox/fancy_shadow_s.png]
[ancientmessene.gr/fancybox/fancybox/fancy_shadow_sw.png]
[ancientmessene.gr/fancybox/fancybox/fancy_shadow_w.png]
[ancientmessene.gr/fancybox/fancybox/fancy_shadow_nw.png]
[ancientmessene.gr/fancybox/jquery.fancybox-1.3.4.css]
[ancientmessene.gr/tour_monuments/tour.html]
[ancientmessene.gr/tour_frame.html]
[ajax.googleapis.com/ajax/libs/jquery/1.7.1/jquery.min.js]
[ancientmessene.gr/content/monuments/images/091712233719.jpg]
[ancientmessene.gr/content/monuments/thumbs/091712233719.jpg]
[ancientmessene.gr/content/monuments/images/091712234025.jpg]
[ancientmessene.gr/content/monuments/thumbs/091712234025.jpg]
[ancientmessene.gr/content/monuments/images/091712234043.jpg]
[ancientmessene.gr/content/monuments/thumbs/091712234043.jpg]
[ancientmessene.gr/content/monuments/images/091712234101.jpg]
[ancientmessene.gr/content/monuments/thumbs/091712234101.jpg]
[ancientmessene.gr/content/monuments/images/091712235504.jpg]
[ancientmessene.gr/content/monuments/thumbs/091712235504.jpg]
[ancientmessene.gr/content/monuments/images/09181200059.jpg]
[ancientmessene.gr/content/monuments/thumbs/09181200059.jpg]
[ancientmessene.gr/content/monuments/images/09181200137.jpg]
[ancientmessene.gr/content/monuments/thumbs/09181200137.jpg]
[ancientmessene.gr/content/monuments/images/09181200219.jpg]
[ancientmessene.gr/content/monuments/thumbs/09181200219.jpg]
[ancientmessene.gr/content/monuments/images/09181200353.jpg]
[ancientmessene.gr/content/monuments/thumbs/09181200353.jpg]
[ancientmessene.gr/content/monuments/images/09181200504.jpg]
[ancientmessene.gr/content/monuments/thumbs/09181200504.jpg]
[ancientmessene.gr/content/monuments/images/09181200559.jpg]
[ancientmessene.gr/content/monuments/thumbs/09181200559.jpg]
[ancientmessene.gr/content/monuments/images/09181200619.jpg]
[ancientmessene.gr/content/monuments/thumbs/09181200619.jpg]
[ancientmessene.gr/content/monuments/images/09181200640.jpg]
[ancientmessene.gr/content/monuments/thumbs/09181200640.jpg]
[ancientmessene.gr/content/monuments/images/09181200654.jpg]
[ancientmessene.gr/content/monuments/thumbs/09181200654.jpg]
[ancientmessene.gr/content/monuments/images/09181200744.jpg]
[ancientmessene.gr/content/monuments/thumbs/09181200744.jpg]
[ancientmessene.gr/content/monuments/images/09181200807.jpg]
[ancientmessene.gr/content/monuments/thumbs/09181200807.jpg]
[ancientmessene.gr/content/monuments/images/09181200843.jpg]
[ancientmessene.gr/content/monuments/thumbs/09181200843.jpg]
[ancientmessene.gr/monuments_photos87f1.html]
[ancientmessene.gr/monuments_photos5255.html]
[ancientmessene.gr/content/monuments/categories/091612172052.jpg]
[ancientmessene.gr/monuments_photosf41b.html]
[ancientmessene.gr/content/monuments/categories/091612172051.jpg]
[ancientmessene.gr/content/monuments/images/091712230237.jpg]
[ancientmessene.gr/content/monuments/thumbs/091712230237.jpg]
[ancientmessene.gr/monuments_photosc3c9.html]
[ancientmessene.gr/content/monuments/images/09181203018.jpg]
[ancientmessene.gr/content/monuments/thumbs/09181203018.jpg]
[ancientmessene.gr/content/monuments/images/09181203035.jpg]
[ancientmessene.gr/content/monuments/thumbs/09181203035.jpg]
[ancientmessene.gr/content/monuments/images/09181203112.jpg]
[ancientmessene.gr/content/monuments/thumbs/09181203112.jpg]
[ancientmessene.gr/content/monuments/images/09181203139.jpg]
[ancientmessene.gr/content/monuments/thumbs/09181203139.jpg]
[ancientmessene.gr/content/monuments/images/09181203221.jpg]
[ancientmessene.gr/content/monuments/thumbs/09181203221.jpg]
[ancientmessene.gr/content/monuments/images/09181203300.jpg]
[ancientmessene.gr/content/monuments/thumbs/09181203300.jpg]
[ancientmessene.gr/content/monuments/images/09181203425.jpg]
[ancientmessene.gr/content/monuments/thumbs/09181203425.jpg]
[ancientmessene.gr/content/monuments/images/09181203452.jpg]
[ancientmessene.gr/content/monuments/thumbs/09181203452.jpg]
[ancientmessene.gr/content/monuments/images/09181203713.jpg]
[ancientmessene.gr/content/monuments/thumbs/09181203713.jpg]
[ancientmessene.gr/content/monuments/images/09181203858.jpg]
[ancientmessene.gr/content/monuments/thumbs/09181203858.jpg]
[ancientmessene.gr/content/monuments/images/09181203951.jpg]
[ancientmessene.gr/content/monuments/thumbs/09181203951.jpg]
[ancientmessene.gr/content/monuments/images/09181204055.jpg]
[ancientmessene.gr/content/monuments/thumbs/09181204055.jpg]
[ancientmessene.gr/content/monuments/images/09181204137.jpg]
[ancientmessene.gr/content/monuments/thumbs/09181204137.jpg]
[ancientmessene.gr/content/monuments/images/09181204224.jpg]
[ancientmessene.gr/content/monuments/thumbs/09181204224.jpg]
[ancientmessene.gr/monuments_photos190a.html]
[ancientmessene.gr/content/monuments/images/080712115654.jpg]
[ancientmessene.gr/content/monuments/thumbs/080712115654.jpg]
[ancientmessene.gr/content/monuments/images/091612135957.jpg]
[ancientmessene.gr/content/monuments/thumbs/091612135957.jpg]
[ancientmessene.gr/content/monuments/images/091612143607.jpg]
[ancientmessene.gr/content/monuments/thumbs/091612143607.jpg]
[ancientmessene.gr/content/monuments/images/091612143731.jpg]
[ancientmessene.gr/content/monuments/thumbs/091612143731.jpg]
[ancientmessene.gr/monuments_photosdcfd.html]
[ancientmessene.gr/content/monuments/images/091712233405.jpg]
[ancientmessene.gr/content/monuments/thumbs/091712233405.jpg]
[ancientmessene.gr/content/monuments/images/091712233430.jpg]
[ancientmessene.gr/content/monuments/thumbs/091712233430.jpg]
[ancientmessene.gr/monuments_photos6e03.html]
[ancientmessene.gr/content/monuments/images/091612184538.jpg]
[ancientmessene.gr/content/monuments/thumbs/091612184538.jpg]
[ancientmessene.gr/content/monuments/images/100512184913.jpg]
[ancientmessene.gr/content/monuments/thumbs/100512184913.jpg]
[ancientmessene.gr/content/monuments/images/091612184616.jpg]
[ancientmessene.gr/content/monuments/thumbs/091612184616.jpg]
[ancientmessene.gr/monuments_photosd61c.html]
[ancientmessene.gr/content/monuments/images/080712113836.jpg]
[ancientmessene.gr/content/monuments/thumbs/080712113836.jpg]
[ancientmessene.gr/content/monuments/images/080712113807.jpg]
[ancientmessene.gr/content/monuments/thumbs/080712113807.jpg]
[ancientmessene.gr/content/monuments/images/080712113926.jpg]
[ancientmessene.gr/content/monuments/thumbs/080712113926.jpg]
[ancientmessene.gr/content/monuments/images/080712114440.jpg]
[ancientmessene.gr/content/monuments/thumbs/080712114440.jpg]
[ancientmessene.gr/content/monuments/images/100512184758.jpg]
[ancientmessene.gr/content/monuments/thumbs/100512184758.jpg]
[ancientmessene.gr/monuments_photos0b30.html]
[ancientmessene.gr/content/monuments/images/091812194013.jpg]
[ancientmessene.gr/content/monuments/thumbs/091812194013.jpg]
[ancientmessene.gr/content/monuments/images/091812194108.jpg]
[ancientmessene.gr/content/monuments/thumbs/091812194108.jpg]
[ancientmessene.gr/content/monuments/images/091812194421.jpg]
[ancientmessene.gr/content/monuments/thumbs/091812194421.jpg]
[ancientmessene.gr/content/monuments/images/091812194631.jpg]
[ancientmessene.gr/content/monuments/thumbs/091812194631.jpg]
[ancientmessene.gr/content/monuments/images/091812194723.jpg]
[ancientmessene.gr/content/monuments/thumbs/091812194723.jpg]
[ancientmessene.gr/content/monuments/images/091812194809.jpg]
[ancientmessene.gr/content/monuments/thumbs/091812194809.jpg]
[ancientmessene.gr/content/monuments/images/091812195031.jpg]
[ancientmessene.gr/content/monuments/thumbs/091812195031.jpg]
[ancientmessene.gr/content/monuments/images/091812195109.jpg]
[ancientmessene.gr/content/monuments/thumbs/091812195109.jpg]
[ancientmessene.gr/content/monuments/images/091812195143.jpg]
[ancientmessene.gr/content/monuments/thumbs/091812195143.jpg]
[ancientmessene.gr/content/monuments/images/091812195309.jpg]
[ancientmessene.gr/content/monuments/thumbs/091812195309.jpg]
[ancientmessene.gr/content/monuments/images/091812195503.jpg]
[ancientmessene.gr/content/monuments/thumbs/091812195503.jpg]
[ancientmessene.gr/content/monuments/images/091812195558.jpg]
[ancientmessene.gr/content/monuments/thumbs/091812195558.jpg]
[ancientmessene.gr/content/monuments/images/091812195639.jpg]
[ancientmessene.gr/content/monuments/thumbs/091812195639.jpg]
[ancientmessene.gr/content/monuments/images/091812195659.jpg]
[ancientmessene.gr/content/monuments/thumbs/091812195659.jpg]
[ancientmessene.gr/content/monuments/images/091812195746.jpg]
[ancientmessene.gr/content/monuments/thumbs/091812195746.jpg]
[ancientmessene.gr/content/monuments/images/091812195820.jpg]
[ancientmessene.gr/content/monuments/thumbs/091812195820.jpg]
[ancientmessene.gr/content/monuments/images/091812200521.jpg]
[ancientmessene.gr/content/monuments/thumbs/091812200521.jpg]
[ancientmessene.gr/content/monuments/images/091812200651.jpg]
[ancientmessene.gr/content/monuments/thumbs/091812200651.jpg]
[ancientmessene.gr/content/monuments/images/091812200752.jpg]
[ancientmessene.gr/content/monuments/thumbs/091812200752.jpg]
[ancientmessene.gr/content/monuments/images/091812200824.jpg]
[ancientmessene.gr/content/monuments/thumbs/091812200824.jpg]
[ancientmessene.gr/content/monuments/images/091812200848.jpg]
[ancientmessene.gr/content/monuments/thumbs/091812200848.jpg]
[ancientmessene.gr/content/monuments/images/091812200927.jpg]
[ancientmessene.gr/content/monuments/thumbs/091812200927.jpg]
[ancientmessene.gr/content/monuments/images/091812201041.jpg]
[ancientmessene.gr/content/monuments/thumbs/091812201041.jpg]
[ancientmessene.gr/content/monuments/images/091812201111.jpg]
[ancientmessene.gr/content/monuments/thumbs/091812201111.jpg]
[ancientmessene.gr/content/monuments/images/091812201205.jpg]
[ancientmessene.gr/content/monuments/thumbs/091812201205.jpg]
[ancientmessene.gr/monuments_photose371.html]
[ancientmessene.gr/content/monuments/images/091612185000.jpg]
[ancientmessene.gr/content/monuments/thumbs/091612185000.jpg]
[ancientmessene.gr/content/monuments/images/091612185224.jpg]
[ancientmessene.gr/content/monuments/thumbs/091612185224.jpg]
[ancientmessene.gr/content/monuments/images/091612185334.jpg]
[ancientmessene.gr/content/monuments/thumbs/091612185334.jpg]
[ancientmessene.gr/monuments_photos3a9f.html]
[ancientmessene.gr/content/monuments/images/091712190525.jpg]
[ancientmessene.gr/content/monuments/thumbs/091712190525.jpg]
[ancientmessene.gr/content/monuments/images/091712184921.jpg]
[ancientmessene.gr/content/monuments/thumbs/091712184921.jpg]
[ancientmessene.gr/content/monuments/images/091712184854.jpg]
[ancientmessene.gr/content/monuments/thumbs/091712184854.jpg]
[ancientmessene.gr/monuments_photos8803.html]
[ancientmessene.gr/content/monuments/images/09181204322.jpg]
[ancientmessene.gr/content/monuments/thumbs/09181204322.jpg]
[ancientmessene.gr/content/monuments/images/09181204339.jpg]
[ancientmessene.gr/content/monuments/thumbs/09181204339.jpg]
[ancientmessene.gr/content/monuments/images/09181204358.jpg]
[ancientmessene.gr/content/monuments/thumbs/09181204358.jpg]
[ancientmessene.gr/content/monuments/images/09181204418.jpg]
[ancientmessene.gr/content/monuments/thumbs/09181204418.jpg]
[ancientmessene.gr/content/monuments/images/09181204438.jpg]
[ancientmessene.gr/content/monuments/thumbs/09181204438.jpg]
[ancientmessene.gr/content/monuments/images/09181204507.jpg]
[ancientmessene.gr/content/monuments/thumbs/09181204507.jpg]
[ancientmessene.gr/content/monuments/images/09181204652.jpg]
[ancientmessene.gr/content/monuments/thumbs/09181204652.jpg]
[ancientmessene.gr/content/monuments/images/09181204731.jpg]
[ancientmessene.gr/content/monuments/thumbs/09181204731.jpg]
[ancientmessene.gr/content/monuments/images/09181204800.jpg]
[ancientmessene.gr/content/monuments/thumbs/09181204800.jpg]
[ancientmessene.gr/content/monuments/images/09181204846.jpg]
[ancientmessene.gr/content/monuments/thumbs/09181204846.jpg]
[ancientmessene.gr/content/monuments/images/09181204924.jpg]
[ancientmessene.gr/content/monuments/thumbs/09181204924.jpg]
[ancientmessene.gr/content/monuments/images/09181205017.jpg]
[ancientmessene.gr/content/monuments/thumbs/09181205017.jpg]
[ancientmessene.gr/content/monuments/images/09181205136.jpg]
[ancientmessene.gr/content/monuments/thumbs/09181205136.jpg]
[ancientmessene.gr/content/monuments/images/09181205156.jpg]
[ancientmessene.gr/content/monuments/thumbs/09181205156.jpg]
[ancientmessene.gr/content/monuments/images/09181205224.jpg]
[ancientmessene.gr/content/monuments/thumbs/09181205224.jpg]
[ancientmessene.gr/content/monuments/images/09181205259.jpg]
[ancientmessene.gr/content/monuments/thumbs/09181205259.jpg]
[ancientmessene.gr/content/monuments/images/09181205323.jpg]
[ancientmessene.gr/content/monuments/thumbs/09181205323.jpg]
[ancientmessene.gr/content/monuments/images/09181205347.jpg]
[ancientmessene.gr/content/monuments/thumbs/09181205347.jpg]
[ancientmessene.gr/content/monuments/images/09181205418.jpg]
[ancientmessene.gr/content/monuments/thumbs/09181205418.jpg]
[ancientmessene.gr/content/monuments/images/09181205449.jpg]
[ancientmessene.gr/content/monuments/thumbs/09181205449.jpg]
[ancientmessene.gr/content/monuments/images/09181205528.jpg]
[ancientmessene.gr/content/monuments/thumbs/09181205528.jpg]
[ancientmessene.gr/content/monuments/images/09181205624.jpg]
[ancientmessene.gr/content/monuments/thumbs/09181205624.jpg]
[ancientmessene.gr/content/monuments/images/09181205653.jpg]
[ancientmessene.gr/content/monuments/thumbs/09181205653.jpg]
[ancientmessene.gr/content/monuments/images/09181205723.jpg]
[ancientmessene.gr/content/monuments/thumbs/09181205723.jpg]
[ancientmessene.gr/content/monuments/images/09181205744.jpg]
[ancientmessene.gr/content/monuments/thumbs/09181205744.jpg]
[ancientmessene.gr/content/monuments/images/09181205806.jpg]
[ancientmessene.gr/content/monuments/thumbs/09181205806.jpg]
[ancientmessene.gr/content/monuments/images/09181205905.jpg]
[ancientmessene.gr/content/monuments/thumbs/09181205905.jpg]
[ancientmessene.gr/content/monuments/images/09181205945.jpg]
[ancientmessene.gr/content/monuments/thumbs/09181205945.jpg]
[ancientmessene.gr/content/monuments/images/09181210039.jpg]
[ancientmessene.gr/content/monuments/thumbs/09181210039.jpg]
[ancientmessene.gr/content/monuments/images/09181210100.jpg]
[ancientmessene.gr/content/monuments/thumbs/09181210100.jpg]
[ancientmessene.gr/content/monuments/images/09181210129.jpg]
[ancientmessene.gr/content/monuments/thumbs/09181210129.jpg]
[ancientmessene.gr/content/monuments/images/09181210158.jpg]
[ancientmessene.gr/content/monuments/thumbs/09181210158.jpg]
[ancientmessene.gr/content/monuments/images/09181210302.jpg]
[ancientmessene.gr/content/monuments/thumbs/09181210302.jpg]
[ancientmessene.gr/content/monuments/images/09181210324.jpg]
[ancientmessene.gr/content/monuments/thumbs/09181210324.jpg]
[ancientmessene.gr/content/monuments/images/09181210356.jpg]
[ancientmessene.gr/content/monuments/thumbs/09181210356.jpg]
[ancientmessene.gr/content/monuments/images/09181210428.jpg]
[ancientmessene.gr/content/monuments/thumbs/09181210428.jpg]
[ancientmessene.gr/content/monuments/images/09181210516.jpg]
[ancientmessene.gr/content/monuments/thumbs/09181210516.jpg]
[ancientmessene.gr/content/monuments/images/09181210558.jpg]
[ancientmessene.gr/content/monuments/thumbs/09181210558.jpg]
[ancientmessene.gr/content/monuments/images/09181210628.jpg]
[ancientmessene.gr/content/monuments/thumbs/09181210628.jpg]
[ancientmessene.gr/content/monuments/images/09181210720.jpg]
[ancientmessene.gr/content/monuments/thumbs/09181210720.jpg]
[ancientmessene.gr/content/monuments/images/09181210817.jpg]
[ancientmessene.gr/content/monuments/thumbs/09181210817.jpg]
[ancientmessene.gr/content/monuments/images/09181210926.jpg]
[ancientmessene.gr/content/monuments/thumbs/09181210926.jpg]
[ancientmessene.gr/content/monuments/images/09181211007.jpg]
[ancientmessene.gr/content/monuments/thumbs/09181211007.jpg]
[ancientmessene.gr/content/monuments/images/09181211214.jpg]
[ancientmessene.gr/content/monuments/thumbs/09181211214.jpg]
[ancientmessene.gr/content/monuments/images/09181211247.jpg]
[ancientmessene.gr/content/monuments/thumbs/09181211247.jpg]
[ancientmessene.gr/monuments_photos2728.html]
[ancientmessene.gr/content/monuments/images/09181200958.jpg]
[ancientmessene.gr/content/monuments/thumbs/09181200958.jpg]
[ancientmessene.gr/content/monuments/images/09181201147.jpg]
[ancientmessene.gr/content/monuments/thumbs/09181201147.jpg]
[ancientmessene.gr/content/monuments/images/09181201134.jpg]
[ancientmessene.gr/content/monuments/thumbs/09181201134.jpg]
[ancientmessene.gr/content/monuments/images/09181201208.jpg]
[ancientmessene.gr/content/monuments/thumbs/09181201208.jpg]
[ancientmessene.gr/content/monuments/images/09181201224.jpg]
[ancientmessene.gr/content/monuments/thumbs/09181201224.jpg]
[ancientmessene.gr/content/monuments/images/09181201354.jpg]
[ancientmessene.gr/content/monuments/thumbs/09181201354.jpg]
[ancientmessene.gr/monuments_photos7429.html]
[ancientmessene.gr/content/monuments/images/091712230419.jpg]
[ancientmessene.gr/content/monuments/thumbs/091712230419.jpg]
[ancientmessene.gr/content/monuments/images/091712230436.jpg]
[ancientmessene.gr/content/monuments/thumbs/091712230436.jpg]
[ancientmessene.gr/content/monuments/images/091712230524.jpg]
[ancientmessene.gr/content/monuments/thumbs/091712230524.jpg]
[ancientmessene.gr/content/monuments/images/091712230731.jpg]
[ancientmessene.gr/content/monuments/thumbs/091712230731.jpg]
[ancientmessene.gr/content/monuments/images/091712230756.jpg]
[ancientmessene.gr/content/monuments/thumbs/091712230756.jpg]
[ancientmessene.gr/content/monuments/images/091712230840.jpg]
[ancientmessene.gr/content/monuments/thumbs/091712230840.jpg]
[ancientmessene.gr/content/monuments/images/091712230947.jpg]
[ancientmessene.gr/content/monuments/thumbs/091712230947.jpg]
[ancientmessene.gr/content/monuments/images/091712231426.jpg]
[ancientmessene.gr/content/monuments/thumbs/091712231426.jpg]
[ancientmessene.gr/content/monuments/images/091712231446.jpg]
[ancientmessene.gr/content/monuments/thumbs/091712231446.jpg]
[ancientmessene.gr/content/monuments/images/091712231505.jpg]
[ancientmessene.gr/content/monuments/thumbs/091712231505.jpg]
[ancientmessene.gr/content/monuments/images/091712232120.jpg]
[ancientmessene.gr/content/monuments/thumbs/091712232120.jpg]
[ancientmessene.gr/content/monuments/images/091712232145.jpg]
[ancientmessene.gr/content/monuments/thumbs/091712232145.jpg]
[ancientmessene.gr/content/monuments/images/091712232203.jpg]
[ancientmessene.gr/content/monuments/thumbs/091712232203.jpg]
[ancientmessene.gr/content/monuments/images/091712232245.jpg]
[ancientmessene.gr/content/monuments/thumbs/091712232245.jpg]
[ancientmessene.gr/content/monuments/images/091712232308.jpg]
[ancientmessene.gr/content/monuments/thumbs/091712232308.jpg]
[ancientmessene.gr/content/monuments/images/091712232333.jpg]
[ancientmessene.gr/content/monuments/thumbs/091712232333.jpg]
[ancientmessene.gr/content/monuments/images/091712233128.jpg]
[ancientmessene.gr/content/monuments/thumbs/091712233128.jpg]
[ancientmessene.gr/content/monuments/images/091712233150.jpg]
[ancientmessene.gr/content/monuments/thumbs/091712233150.jpg]
[ancientmessene.gr/content/monuments/images/091712233204.jpg]
[ancientmessene.gr/content/monuments/thumbs/091712233204.jpg]
[ancientmessene.gr/content/monuments/images/091712233221.jpg]
[ancientmessene.gr/content/monuments/thumbs/091712233221.jpg]
[ancientmessene.gr/monuments_photos4ef9.html]
[ancientmessene.gr/content/museum/images/091612182220.jpg]
[ancientmessene.gr/content/museum/thumbs/091612182220.jpg]
[ancientmessene.gr/content/museum/images/091612182329.jpg]
[ancientmessene.gr/content/museum/thumbs/091612182329.jpg]
[ancientmessene.gr/content/museum/images/091612182909.jpg]
[ancientmessene.gr/content/museum/thumbs/091612182909.jpg]
[ancientmessene.gr/content/museum/images/091612183205.jpg]
[ancientmessene.gr/content/museum/thumbs/091612183205.jpg]
[ancientmessene.gr/content/museum/images/091612183313.jpg]
[ancientmessene.gr/content/museum/thumbs/091612183313.jpg]
[ancientmessene.gr/content/museum/images/091612183502.jpg]
[ancientmessene.gr/content/museum/thumbs/091612183502.jpg]
[ancientmessene.gr/museum_photos5255.html]
[ancientmessene.gr/content/museum/images/092612215909.jpg]
[ancientmessene.gr/content/museum/thumbs/092612215909.jpg]
[ancientmessene.gr/content/museum/images/092612215928.jpg]
[ancientmessene.gr/content/museum/thumbs/092612215928.jpg]
[ancientmessene.gr/content/museum/images/092612220050.jpg]
[ancientmessene.gr/content/museum/thumbs/092612220050.jpg]
[ancientmessene.gr/content/museum/images/092612220111.jpg]
[ancientmessene.gr/content/museum/thumbs/092612220111.jpg]
[ancientmessene.gr/content/museum/images/092612220444.jpg]
[ancientmessene.gr/content/museum/thumbs/092612220444.jpg]
[ancientmessene.gr/content/museum/images/092612220648.jpg]
[ancientmessene.gr/content/museum/thumbs/092612220648.jpg]
[ancientmessene.gr/content/museum/images/092612220823.jpg]
[ancientmessene.gr/content/museum/thumbs/092612220823.jpg]
[ancientmessene.gr/content/museum/images/092612220902.jpg]
[ancientmessene.gr/content/museum/thumbs/092612220902.jpg]
[ancientmessene.gr/content/museum/images/092612220929.jpg]
[ancientmessene.gr/content/museum/thumbs/092612220929.jpg]
[ancientmessene.gr/content/museum/images/092612220951.jpg]
[ancientmessene.gr/content/museum/thumbs/092612220951.jpg]
[ancientmessene.gr/museum_photosf41b.html]
[ancientmessene.gr/content/museum/images/092612221101.jpg]
[ancientmessene.gr/content/museum/thumbs/092612221101.jpg]
[ancientmessene.gr/content/museum/images/092612222421.jpg]
[ancientmessene.gr/content/museum/thumbs/092612222421.jpg]
[ancientmessene.gr/content/museum/images/092612222519.jpg]
[ancientmessene.gr/content/museum/thumbs/092612222519.jpg]
[ancientmessene.gr/content/museum/images/092612222553.jpg]
[ancientmessene.gr/content/museum/thumbs/092612222553.jpg]
[ancientmessene.gr/content/museum/images/092612222640.jpg]
[ancientmessene.gr/content/museum/thumbs/092612222640.jpg]
[ancientmessene.gr/content/museum/images/092612222734.jpg]
[ancientmessene.gr/content/museum/thumbs/092612222734.jpg]
[ancientmessene.gr/content/museum/images/092612222821.jpg]
[ancientmessene.gr/content/museum/thumbs/092612222821.jpg]
[ancientmessene.gr/content/museum/images/092612222906.jpg]
[ancientmessene.gr/content/museum/thumbs/092612222906.jpg]
[ancientmessene.gr/museum_photos0055.html]
[ancientmessene.gr/content/museum/images/092612223014.jpg]
[ancientmessene.gr/content/museum/thumbs/092612223014.jpg]
[ancientmessene.gr/content/museum/images/092612223036.jpg]
[ancientmessene.gr/content/museum/thumbs/092612223036.jpg]
[ancientmessene.gr/content/museum/images/092612223110.jpg]
[ancientmessene.gr/content/museum/thumbs/092612223110.jpg]
[ancientmessene.gr/content/museum/images/092612223240.jpg]
[ancientmessene.gr/content/museum/thumbs/092612223240.jpg]
[ancientmessene.gr/content/museum/images/092612223316.jpg]
[ancientmessene.gr/content/museum/thumbs/092612223316.jpg]
[ancientmessene.gr/content/museum/images/092612223349.jpg]
[ancientmessene.gr/content/museum/thumbs/092612223349.jpg]
[ancientmessene.gr/museum_photos4ef9.html]
[ancientmessene.gr/messenian_history_en_en.html]
[ancientmessene.gr/history_en_en.html]
[ancientmessene.gr/the-site_en_en.html]
[ancientmessene.gr/monuments_articles_en_en4ef9.html]
[ancientmessene.gr/monuments_articles_en_ene371.html]
[ancientmessene.gr/monuments_articles_en_en6e03.html]
[ancientmessene.gr/monuments_articles_en_ena9bc.html]
[ancientmessene.gr/monuments_articles_en_en7429.html]
[ancientmessene.gr/monuments_articles_en_en87f1.html]
[ancientmessene.gr/monuments_articles_en_en2e5f.html]
[ancientmessene.gr/findings_articles_en_en0055.html]
[ancientmessene.gr/findings_articles_en_en5255.html]
[ancientmessene.gr/findings_articles_en_enf41b.html]
[ancientmessene.gr/findings_articles_en_enc3c9.html]
[ancientmessene.gr/findings_articles_en_en4ef9.html]
[ancientmessene.gr/museum_articles_en_enf41b.html]
[ancientmessene.gr/museum_articles_en_en8803.html]
[ancientmessene.gr/museum_articles_en_enc3c9.html]
[ancientmessene.gr/museum_articles_en_en5255.html]
[ancientmessene.gr/bibliography_en_en.html]
[ancientmessene.gr/publications_en_en.html]
[ancientmessene.gr/publications_content_en_en.2fdcf11.delayed]
[ancientmessene.gr/publications_content_encf11.html]
[ancientmessene.gr/publications_content_en_enc2aa.php]
[ancientmessene.gr/publications_content_enc2aa.html]
[ancientmessene.gr/publications_content_en_en0e51.php]
[ancientmessene.gr/publications_content_en0e51.html]
[ancientmessene.gr/publications_content_en_enaa73.php]
[ancientmessene.gr/publications_content_enaa73.html]
[ancientmessene.gr/publications_en_en4658.php]
[ancientmessene.gr/publications_content_enfaca.html]
[ancientmessene.gr/publications_content_en0fb8.html]
[ancientmessene.gr/publications_content_en72ae.html]
[ancientmessene.gr/publications_content_en7bc6.html]
[ancientmessene.gr/publications_en2679.html]
[ancientmessene.gr/publications_en4658.html]
[ancientmessene.gr/publications_en_en9ba9.php]
[ancientmessene.gr/publications_content_enf933.html]
[ancientmessene.gr/publications_content_en9f4b.html]
[ancientmessene.gr/publications_content_en38fd.html]
[ancientmessene.gr/publications_content_enb769.html]
[ancientmessene.gr/publications_en9ba9.html]
[ancientmessene.gr/publications_en_enfdb0.php]
[ancientmessene.gr/publications_content_en895b.html]
[ancientmessene.gr/publications_enfdb0.html]
[ancientmessene.gr/news_en_en.html]
[ancientmessene.gr/video_en_en.html]
[ancientmessene.gr/management_en_en.html]
[ancientmessene.gr/newsletter_en_en.html]
[ancientmessene.gr/contact_en_en.html]
[ancientmessene.gr/monuments_gallery_en_en.html]
[ancientmessene.gr/tour_monuments/tour_en.html]
[ancientmessene.gr/tour_frame_en.html]
[ancientmessene.gr/monuments_photos_en_en87f1.php]
[ancientmessene.gr/monuments_photos_en87f1.html]
[ancientmessene.gr/monuments_photos_en_enc3c9.php]
[ancientmessene.gr/monuments_photos_en5255.html]
[ancientmessene.gr/monuments_photos_enf41b.html]
[ancientmessene.gr/monuments_photos_enc3c9.html]
[ancientmessene.gr/monuments_photos_en_en190a.php]
[ancientmessene.gr/monuments_photos_en190a.html]
[ancientmessene.gr/monuments_photos_en_endcfd.php]
[ancientmessene.gr/monuments_photos_endcfd.html]
[ancientmessene.gr/monuments_photos_en_en6e03.php]
[ancientmessene.gr/monuments_photos_en6e03.html]
[ancientmessene.gr/monuments_photos_en_end61c.php]
[ancientmessene.gr/monuments_photos_end61c.html]
[ancientmessene.gr/monuments_photos_en_en0b30.php]
[ancientmessene.gr/monuments_photos_en0b30.html]
[ancientmessene.gr/monuments_photos_en_ene371.php]
[ancientmessene.gr/monuments_photos_ene371.html]
[ancientmessene.gr/monuments_photos_en_en3a9f.php]
[ancientmessene.gr/monuments_photos_en3a9f.html]
[ancientmessene.gr/monuments_photos_en_en8803.php]
[ancientmessene.gr/monuments_photos_en8803.html]
[ancientmessene.gr/monuments_photos_en_en2728.php]
[ancientmessene.gr/monuments_photos_en2728.html]
[ancientmessene.gr/monuments_photos_en_en7429.php]
[ancientmessene.gr/monuments_photos_en7429.html]
[ancientmessene.gr/monuments_photos_en_en4ef9.php]
[ancientmessene.gr/monuments_photos_en4ef9.html]
[ancientmessene.gr/museum_gallery_en_en.html]
[ancientmessene.gr/museum_photos_en_en5255.php]
[ancientmessene.gr/museum_photos_en5255.html]
[ancientmessene.gr/museum_photos_en_enf41b.php]
[ancientmessene.gr/museum_photos_enf41b.html]
[ancientmessene.gr/museum_photos_en_en0055.php]
[ancientmessene.gr/museum_photos_en0055.html]
[ancientmessene.gr/museum_photos_en_en4ef9.php]
[ancientmessene.gr/museum_photos_en4ef9.html]
[ancientmessene.gr/content/public/images/101611225222.jpg]
[ancientmessene.gr/publications_contentfaca.html]
[ancientmessene.gr/content/public/images/101611225317.jpg]
[ancientmessene.gr/publications_content0fb8.html]
[ancientmessene.gr/content/public/images/101611230412.jpg]
[ancientmessene.gr/publications_content72ae.html]
[ancientmessene.gr/content/public/images/101611231841.jpg]
[ancientmessene.gr/publications_content7bc6.html]
[ancientmessene.gr/publications2679.html]
[ancientmessene.gr/content/public/images/101611232111.jpg]
[ancientmessene.gr/publications_contentf933.html]
[ancientmessene.gr/content/public/images/101611232359.jpg]
[ancientmessene.gr/publications_content9f4b.html]
[ancientmessene.gr/content/public/images/101611232446.jpg]
[ancientmessene.gr/publications_content38fd.html]
[ancientmessene.gr/content/public/images/101611232602.jpg]
[ancientmessene.gr/publications_contentb769.html]
[ancientmessene.gr/content/public/images/101611232652.jpg]
[ancientmessene.gr/publications_content895b.html]
[ancientmessene.gr/fancybox/fancybox/fancy_close.html]
[ancientmessene.gr/fancybox/fancybox/fancy_nav_left.html]
[ancientmessene.gr/fancybox/fancybox/fancy_nav_right.html]
[ancientmessene.gr/fancybox/fancybox/fancy_title_over.html]
[ancientmessene.gr/fancybox/fancybox/fancy_title_left.html]
[ancientmessene.gr/fancybox/fancybox/fancy_title_main.html]
[ancientmessene.gr/fancybox/fancybox/fancy_title_right.html]
[ancientmessene.gr/fancybox/fancybox/fancy_loading.html]
[ancientmessene.gr/fancybox/fancybox/fancy_shadow_n.html]
[ancientmessene.gr/fancybox/fancybox/fancy_shadow_ne.html]
[ancientmessene.gr/fancybox/fancybox/fancy_shadow_e.html]
[ancientmessene.gr/fancybox/fancybox/fancy_shadow_se.html]
[ancientmessene.gr/fancybox/fancybox/fancy_shadow_s.html]
[ancientmessene.gr/fancybox/fancybox/fancy_shadow_sw.html]
[ancientmessene.gr/fancybox/fancybox/fancy_shadow_w.html]
[ancientmessene.gr/fancybox/fancybox/fancy_shadow_nw.html]
[ancientmessene.gr/tour_monuments/js/jquery.easing.1.3.js]
[ancientmessene.gr/tour_monuments/js/jquery.transform-0.9.3.min_.js]
[ancientmessene.gr/tour_monuments/css/style.css]
[ancientmessene.gr/tour_monuments/js/jquery.zoomtour.js]
[ancientmessene.gr/tour_monuments/images/index.jpg]
[ancientmessene.gr/tour_monuments/images/asklipieio/1.jpg]
[ancientmessene.gr/tour_monuments/googleapis.js]
[ancientmessene.gr/tour_monuments/images/asklipieio/00.jpg]
[ancientmessene.gr/tour_monuments/images/asklipieio/2.jpg]
[ancientmessene.gr/tour_monuments/images/asklipieio/3.jpg]
[ancientmessene.gr/tour_monuments/images/asklipieio/4.jpg]
[ancientmessene.gr/tour_monuments/images/asklipieio/5.jpg]
[ancientmessene.gr/tour_monuments/images/asklipieio/7.jpg]
[ancientmessene.gr/tour_monuments/images/asklipieio/8.jpg]
[ancientmessene.gr/tour_monuments/images/asklipieio/9.jpg]
[ancientmessene.gr/tour_monuments/images/asklipieio/6.jpg]
[ancientmessene.gr/tour_monuments/images/asklipieio/10.jpg]
[ancientmessene.gr/tour_monuments/images/asklipieio/12.jpg]
[ancientmessene.gr/tour_monuments/images/asklipieio/13.jpg]
[ancientmessene.gr/tour_monuments/images/asklipieio/11.jpg]
[ancientmessene.gr/tour_monuments/images/asklipieio/14.jpg]
[ancientmessene.gr/tour_monuments/images/asklipieio/15.jpg]
[ancientmessene.gr/tour_monuments/images/asklipieio/16.jpg]
[ancientmessene.gr/tour_monuments/images/asklipieio/17.jpg]
[ancientmessene.gr/tour_monuments/images/asklipieio/18.jpg]
[ancientmessene.gr/tour_monuments/images/asklipieio/19.jpg]
[ancientmessene.gr/tour_monuments/images/asklipieio/20.jpg]
[ancientmessene.gr/tour_monuments/images/stadio/stadio1.jpg]
[ancientmessene.gr/tour_monuments/images/stadio/1.jpg]
[ancientmessene.gr/tour_monuments/images/stadio/2.jpg]
[ancientmessene.gr/tour_monuments/images/stadio/3.jpg]
[ancientmessene.gr/tour_monuments/images/stadio/5.jpg]
[ancientmessene.gr/tour_monuments/images/stadio/6.jpg]
[ancientmessene.gr/tour_monuments/images/stadio/4.jpg]
[ancientmessene.gr/tour_monuments/images/stadio/7.jpg]
[ancientmessene.gr/tour_monuments/images/stadio/8.jpg]
[ancientmessene.gr/tour_monuments/images/stadio/9.jpg]
[ancientmessene.gr/tour_monuments/images/stadio/10.jpg]
[ancientmessene.gr/tour_monuments/images/stadio/11.jpg]
[ancientmessene.gr/tour_monuments/images/stadio/12.jpg]
[ancientmessene.gr/tour_monuments/images/stadio/13.jpg]
[ancientmessene.gr/tour_monuments/images/stadio/15.jpg]
[ancientmessene.gr/tour_monuments/images/stadio/17.jpg]
[ancientmessene.gr/tour_monuments/images/stadio/18.jpg]
[ancientmessene.gr/tour_monuments/images/stadio/19.jpg]
[ancientmessene.gr/tour_monuments/images/stadio/14.jpg]
[ancientmessene.gr/tour_monuments/images/stadio/16.jpg]
[ancientmessene.gr/tour_monuments/images/stadio/20.jpg]
[ancientmessene.gr/tour_monuments/images/stadio/21.jpg]
[ancientmessene.gr/tour_monuments/images/stadio/22.jpg]
[ancientmessene.gr/tour_monuments/images/stadio/23.jpg]
[ancientmessene.gr/tour_monuments/images/stadio/24.jpg]
[ancientmessene.gr/tour_monuments/images/stadio/25.jpg]
[ancientmessene.gr/tour_monuments/images/stadio/26.jpg]
[ancientmessene.gr/tour_monuments/images/stadio/27.jpg]
[ancientmessene.gr/tour_monuments/images/hrwo/1.jpg]
[ancientmessene.gr/tour_monuments/images/hrwo/2.jpg]
[ancientmessene.gr/tour_monuments/images/hrwo/3.jpg]
[ancientmessene.gr/tour_monuments/images/hrwo/4.jpg]
[ancientmessene.gr/tour_monuments/images/iseio/1.jpg]
[ancientmessene.gr/tour_monuments/images/iseio/2.jpg]
[ancientmessene.gr/tour_monuments/images/palaistra/1.jpg]
[ancientmessene.gr/tour_monuments/images/palaistra/3.jpg]
[ancientmessene.gr/tour_monuments/images/palaistra/2.jpg]
[ancientmessene.gr/tour_monuments/images/palaistra/4.jpg]
[ancientmessene.gr/tour_monuments/images/agora/1.jpg]
[ancientmessene.gr/tour_monuments/images/agora/2.jpg]
[ancientmessene.gr/tour_monuments/images/agora/5.jpg]
[ancientmessene.gr/tour_monuments/images/agora/4.jpg]
[ancientmessene.gr/tour_monuments/images/agora/3.jpg]
[ancientmessene.gr/tour_monuments/images/arsinoh/1.jpg]
[ancientmessene.gr/tour_monuments/images/arsinoh/2.jpg]
[ancientmessene.gr/tour_monuments/images/arsinoh/3.jpg]
[ancientmessene.gr/tour_monuments/images/arsinoh/4.jpg]
[ancientmessene.gr/tour_monuments/images/vasilikh/1.jpg]
[ancientmessene.gr/tour_monuments/images/vasilikh/3.jpg]
[ancientmessene.gr/tour_monuments/images/vasilikh/2.jpg]
[ancientmessene.gr/tour_monuments/images/rwmaikh vila/1.jpg]
[ancientmessene.gr/tour_monuments/images/rwmaikh vila/2.jpg]
[ancientmessene.gr/tour_monuments/images/rwmaikh vila/3.jpg]
[ancientmessene.gr/tour_monuments/images/villa stadiou/1.jpg]
[ancientmessene.gr/tour_monuments/images/villa stadiou/2.jpg]
[ancientmessene.gr/tour_monuments/images/villa stadiou/3.jpg]
[ancientmessene.gr/tour_monuments/images/theatro/1.jpg]
[ancientmessene.gr/tour_monuments/images/theatro/2.jpg]
[ancientmessene.gr/tour_monuments/images/theatro/3.jpg]
[ancientmessene.gr/tour_monuments/images/theatro/4.jpg]
[ancientmessene.gr/tour_monuments/images/theatro/5.jpg]
[ancientmessene.gr/tour_monuments/images/theatro/6.jpg]
[ancientmessene.gr/tour_monuments/images/theatro/7.jpg]
[ancientmessene.gr/tour_monuments/images/theatro/8.jpg]
[ancientmessene.gr/tour_monuments/images/theatro/9.jpg]
[ancientmessene.gr/tour_monuments/images/theatro/10.jpg]
[ancientmessene.gr/tour_monuments/tour.html]
[ancientmessene.gr/content/monuments/images/091712195139.jpg]
[ancientmessene.gr/content/monuments/thumbs/091712195139.jpg]
[ancientmessene.gr/content/monuments/images/091712195237.jpg]
[ancientmessene.gr/content/monuments/thumbs/091712195237.jpg]
[ancientmessene.gr/content/monuments/images/091712195318.jpg]
[ancientmessene.gr/content/monuments/thumbs/091712195318.jpg]
[ancientmessene.gr/content/monuments/images/091712225325.jpg]
[ancientmessene.gr/content/monuments/thumbs/091712225325.jpg]
[ancientmessene.gr/content/monuments/images/091712225358.jpg]
[ancientmessene.gr/content/monuments/thumbs/091712225358.jpg]
[ancientmessene.gr/content/monuments/images/091712225509.jpg]
[ancientmessene.gr/content/monuments/thumbs/091712225509.jpg]
[ancientmessene.gr/monuments_photos5255.html]
[ancientmessene.gr/content/monuments/images/091712225641.jpg]
[ancientmessene.gr/content/monuments/thumbs/091712225641.jpg]
[ancientmessene.gr/content/monuments/images/091712225818.jpg]
[ancientmessene.gr/content/monuments/thumbs/091712225818.jpg]
[ancientmessene.gr/content/monuments/images/091712225857.jpg]
[ancientmessene.gr/content/monuments/thumbs/091712225857.jpg]
[ancientmessene.gr/content/monuments/images/100512185203.jpg]
[ancientmessene.gr/content/monuments/thumbs/100512185203.jpg]
[ancientmessene.gr/content/monuments/images/091712225949.jpg]
[ancientmessene.gr/content/monuments/thumbs/091712225949.jpg]
[ancientmessene.gr/monuments_photosf41b.html]
[ancientmessene.gr/publications_content_en_encf11.html]
[ancientmessene.gr/publications_content_en_enc2aa.html]
[ancientmessene.gr/publications_content_en_en0e51.html]
[ancientmessene.gr/publications_content_en_enaa73.html]
[ancientmessene.gr/publications_en_en4658.html]
[ancientmessene.gr/publications_content_en_en.39ffaca.delayed]
[ancientmessene.gr/publications_content_enfaca.html]
[ancientmessene.gr/publications_content_en_en0fb8.php]
[ancientmessene.gr/publications_content_en0fb8.html]
[ancientmessene.gr/publications_content_en_en72ae.php]
[ancientmessene.gr/publications_content_en72ae.html]
[ancientmessene.gr/publications_content_en_en7bc6.php]
[ancientmessene.gr/publications_content_en7bc6.html]
[ancientmessene.gr/publications_en_en2679.php]
[ancientmessene.gr/publications_en2679.html]
[ancientmessene.gr/publications_en_en9ba9.html]
[ancientmessene.gr/publications_content_en_enf933.php]
[ancientmessene.gr/publications_content_enf933.html]
[ancientmessene.gr/publications_content_en_en9f4b.php]
[ancientmessene.gr/publications_content_en9f4b.html]
[ancientmessene.gr/publications_content_en_en38fd.php]
[ancientmessene.gr/publications_content_en38fd.html]
[ancientmessene.gr/publications_content_en_enb769.php]
[ancientmessene.gr/publications_content_enb769.html]
[ancientmessene.gr/publications_en_enfdb0.html]
[ancientmessene.gr/publications_content_en_en895b.php]
[ancientmessene.gr/publications_content_en895b.html]
[ancientmessene.gr/tour_monuments/images/index_en.jpg]
[ancientmessene.gr/tour_monuments/tour_en.html]
[ancientmessene.gr/monuments_photos_en_en87f1.html]
[ancientmessene.gr/monuments_photos_en_enc3c9.html]
[ancientmessene.gr/monuments_photos_en_en.3aa5255.delayed]
[ancientmessene.gr/monuments_photos_en5255.html]
[ancientmessene.gr/monuments_photos_en_enf41b.php]
[ancientmessene.gr/monuments_photos_enf41b.html]
[ancientmessene.gr/monuments_photos_en_en190a.html]
[ancientmessene.gr/monuments_photos_en_endcfd.html]
[ancientmessene.gr/monuments_photos_en_en6e03.html]
[ancientmessene.gr/monuments_photos_en_end61c.html]
[ancientmessene.gr/monuments_photos_en_en0b30.html]
[ancientmessene.gr/monuments_photos_en_ene371.html]
[ancientmessene.gr/monuments_photos_en_en3a9f.html]
[ancientmessene.gr/monuments_photos_en_en8803.html]
[ancientmessene.gr/monuments_photos_en_en2728.html]
[ancientmessene.gr/monuments_photos_en_en7429.html]
[ancientmessene.gr/monuments_photos_en_en4ef9.html]
[ancientmessene.gr/museum_photos_en_en5255.html]
[ancientmessene.gr/museum_photos_en_enf41b.html]
[ancientmessene.gr/museum_photos_en_en0055.html]
[ancientmessene.gr/museum_photos_en_en4ef9.html]
[ancientmessene.gr/tour_monuments/images/back.png]
[ancientmessene.gr/tour_monuments/images/ajax-loader.gif]
[ancientmessene.gr/tour_monuments/css/style.css]
[ancientmessene.gr/tour_monuments/css/styleNoJS.css]
[localhost/ancientmessene/images/transparent.gif]
[ancientmessene.gr/publications_content_en_enfaca.html]
[ancientmessene.gr/publications_content_en_en0fb8.html]
[ancientmessene.gr/publications_content_en_en72ae.html]
[ancientmessene.gr/publications_content_en_en7bc6.html]
[ancientmessene.gr/publications_en_en2679.html]
[ancientmessene.gr/publications_content_en_enf933.html]
[ancientmessene.gr/publications_content_en_en9f4b.html]
[ancientmessene.gr/publications_content_en_en38fd.html]
[ancientmessene.gr/publications_content_en_enb769.html]
[ancientmessene.gr/publications_content_en_en895b.html]
[ancientmessene.gr/monuments_photos_en_en5255.html]
[ancientmessene.gr/monuments_photos_en_enf41b.html]
